
> EtherX Excel App Design@0.1.0 build
> vite build

[36mvite v6.3.5 [32mbuilding for production...[36m[39m
transforming...
node.exe : 
[33m[vite:css][postcss] 
@import must precede all 
other statements (besides 
@charset or empty @layer)
At line:1 char:1
+ & "C:\Program 
Files\nodejs/node.exe" 
"C:\Program 
Files\nodejs/node_mo ...
+ ~~~~~~~~~~~~~~~~~~~~~~~~
~~~~~~~~~~~~~~~~~~~~~~~~~~
~~~~~~~~~~~~~~~~~~~
    + CategoryInfo        
      : NotSpecified: (  
  [33m[vite:css]...r em   
 pty @layer):String) [    
], RemoteException
    + FullyQualifiedError 
   Id : NativeCommandErr  
  or
 
49 |  
50 |  /* --- Dashboard 3D 
Icon Styling --- */
51 |  @import 
'./styles/icons-3d.css';
   |  ^^^^^^^^^^^^^^^^^^^^
^^^^^^^^^^^^
52 |  @import './styles/sp
readsheet-icons-3d.css';
53 |  [39m
[33m[vite:css][postcss] 
@import must precede all 
other statements (besides 
@charset or empty @layer)
50 |  /* --- Dashboard 3D 
Icon Styling --- */
51 |  @import 
'./styles/icons-3d.css';
52 |  @import './styles/sp
readsheet-icons-3d.css';
   |  ^^^^^^^^^^^^^^^^^^^^
^^^^^^^^^^^^^^^^^^^^^^^^
53 |  
54 |  .dashboard-icon 
{[39m
[32mΓ£ô[39m 2618 modules transformed.
[31mΓ£ù[39m Build 
failed in 11.43s
[31merror during build:
[31mCould not resolve 
entry module 
"firebase/app".[31m
    at getRollupError (fil
e:///C:/Users/Reshma%20Ban
u/Downloads/etherxsuite-ma
in%20(1)/etherxsuite-main/
node_modules/rollup/dist/e
s/shared/parseAst.js:401:4
1)
    at error (file:///C:/U
sers/Reshma%20Banu/Downloa
ds/etherxsuite-main%20(1)/
etherxsuite-main/node_modu
les/rollup/dist/es/shared/
parseAst.js:397:42)
    at ModuleLoader.loadEn
tryModule (file:///C:/User
s/Reshma%20Banu/Downloads/
etherxsuite-main%20(1)/eth
erxsuite-main/node_modules
/rollup/dist/es/shared/nod
e-entry.js:21611:20)
    at async Promise.all 
(index 0)
    at async Promise.all 
(index 0)[39m
